-- Test Setup: OneMeasurementTwoChunksDifferentTagSet
-- SQL: SELECT temp FROM h2o;
-- Results After Sorting
+------+
| temp |
+------+
| 53.4 |
| 70.4 |
|      |
|      |
+------+
-- SQL: SELECT * FROM h2o;
-- Results After Sorting
+--------+------------+---------+-------+------+--------------------------------+
| city   | other_temp | reading | state | temp | time                           |
+--------+------------+---------+-------+------+--------------------------------+
| Boston | 72.4       |         |       |      | 1970-01-01T00:00:00.000000350Z |
| Boston |            | 51.0    |       | 53.4 | 1970-01-01T00:00:00.000000050Z |
|        | 70.4       |         | MA    |      | 1970-01-01T00:00:00.000000250Z |
|        |            |         | MA    | 70.4 | 1970-01-01T00:00:00.000000050Z |
+--------+------------+---------+-------+------+--------------------------------+