-- Test Setup: TwoMeasurementsManyFieldsTwoChunks
-- SQL: SELECT * from information_schema.tables where table_schema = 'system';
-- Results After Sorting
+---------------+--------------+------------+------------+
| table_catalog | table_schema | table_name | table_type |
+---------------+--------------+------------+------------+
| public        | system       | queries    | BASE TABLE |
+---------------+--------------+------------+------------+
-- SQL: SELECT issue_time <= now(), query_type, query_text, success FROM system.queries;
-- Results After Sorting
+------------------------------------+------------+----------------------------------------------------------------------------------+---------+
| system.queries.issue_time <= now() | query_type | query_text                                                                       | success |
+------------------------------------+------------+----------------------------------------------------------------------------------+---------+
| true                               | sql        | SELECT * from information_schema.tables where table_schema = 'system';           | true    |
| true                               | sql        | SELECT 1;                                                                        | true    |
| true                               | sql        | SELECT issue_time <= now(), query_type, query_text, success FROM system.queries; | false   |
+------------------------------------+------------+----------------------------------------------------------------------------------+---------+