-- Test Setup: PeriodsInNames
-- SQL: SELECT * from "measurement.one";
+-----------+-----------+---------+---------+--------------------------------+
| field.one | field.two | tag.one | tag.two | time                           |
+-----------+-----------+---------+---------+--------------------------------+
| 1.0       | true      | value   | other   | 2021-01-01T00:00:01.000000001Z |
| 1.0       | false     | value2  | other2  | 2021-01-01T00:00:01.000000002Z |
+-----------+-----------+---------+---------+--------------------------------+
-- SQL: SELECT "tag.one" from "measurement.one";
+---------+
| tag.one |
+---------+
| value   |
| value2  |
+---------+
-- SQL: SELECT "tag.one" from "measurement.one" where "field.two" is TRUE;
+---------+
| tag.one |
+---------+
| value   |
+---------+